[     525ms] [INFO] %cDownload the React DevTools for a better development experience: https://react.dev/link/react-devtools font-weight:bold @ http://localhost:3456/_next/static/chunks/15bj_next_dist_1pgdny1._.js:2477
[     609ms] [LOG] [HMR] connected @ http://localhost:3456/_next/static/chunks/15bj_next_dist_1pgdny1._.js:2477
[     670ms] [ERROR] IntlError: ENVIRONMENT_FALLBACK: The `now` parameter wasn't provided to `relativeTime` and there is no global default configured, therefore the current time will be used as a fallback. See https://next-intl.dev/docs/usage/dates-times#relative-times-usenow
    at getGlobalNow (http://localhost:3456/_next/static/chunks/15bj_1tqsx3q._.js:3890:21)
    at Object.relativeTime (http://localhost:3456/_next/static/chunks/15bj_1tqsx3q._.js:3912:27)
    at UpdatedStamp (http://localhost:3456/_next/static/chunks/build_fifa_src_18be05u._.js:950:25)
    at Object.react_stack_bottom_frame (http://localhost:3456/_next/static/chunks/15bj_next_dist_compiled_react-dom_1-_zk8s._.js:15037:24)
    at renderWithHooks (http://localhost:3456/_next/static/chunks/15bj_next_dist_compiled_react-dom_1-_zk8s._.js:4620:24)
    at updateFunctionComponent (http://localhost:3456/_next/static/chunks/15bj_next_dist_compiled_react-dom_1-_zk8s._.js:6081:21)
    at beginWork (http://localhost:3456/_next/static/chunks/15bj_next_dist_compiled_react-dom_1-_zk8s._.js:6691:24)
    at runWithFiberInDEV (http://localhost:3456/_next/static/chunks/15bj_next_dist_compiled_react-dom_1-_zk8s._.js:965:74)
    at performUnitOfWork (http://localhost:3456/_next/static/chunks/15bj_next_dist_compiled_react-dom_1-_zk8s._.js:9555:97)
    at workLoopConcurrentByScheduler (http://localhost:3456/_next/static/chunks/15bj_next_dist_compiled_react-dom_1-_zk8s._.js:9551:58)
    at renderRootConcurrent (http://localhost:3456/_next/static/chunks/15bj_next_dist_compiled_react-dom_1-_zk8s._.js:9534:71)
    at performWorkOnRoot (http://localhost:3456/_next/static/chunks/15bj_next_dist_compiled_react-dom_1-_zk8s._.js:9061:150)
    at performWorkOnRootViaSchedulerTask (http://localhost:3456/_next/static/chunks/15bj_next_dist_compiled_react-dom_1-_zk8s._.js:10255:9)
    at MessagePort.performWorkUntilDeadline (http://localhost:3456/_next/static/chunks/15bj_next_dist_compiled_1t9iu_k._.js:2647:64) @ http://localhost:3456/_next/static/chunks/15bj_next_dist_1pgdny1._.js:3318
[     712ms] [ERROR] IntlError: ENVIRONMENT_FALLBACK: The `now` parameter wasn't provided to `relativeTime` and there is no global default configured, therefore the current time will be used as a fallback. See https://next-intl.dev/docs/usage/dates-times#relative-times-usenow
    at getGlobalNow (http://localhost:3456/_next/static/chunks/15bj_1tqsx3q._.js:3890:21)
    at Object.relativeTime (http://localhost:3456/_next/static/chunks/15bj_1tqsx3q._.js:3912:27)
    at UpdatedStamp (http://localhost:3456/_next/static/chunks/build_fifa_src_18be05u._.js:950:25)
    at Object.react_stack_bottom_frame (http://localhost:3456/_next/static/chunks/15bj_next_dist_compiled_react-dom_1-_zk8s._.js:15037:24)
    at renderWithHooksAgain (http://localhost:3456/_next/static/chunks/15bj_next_dist_compiled_react-dom_1-_zk8s._.js:4675:24)
    at renderWithHooks (http://localhost:3456/_next/static/chunks/15bj_next_dist_compiled_react-dom_1-_zk8s._.js:4626:28)
    at updateFunctionComponent (http://localhost:3456/_next/static/chunks/15bj_next_dist_compiled_react-dom_1-_zk8s._.js:6081:21)
    at beginWork (http://localhost:3456/_next/static/chunks/15bj_next_dist_compiled_react-dom_1-_zk8s._.js:6691:24)
    at runWithFiberInDEV (http://localhost:3456/_next/static/chunks/15bj_next_dist_compiled_react-dom_1-_zk8s._.js:965:74)
    at performUnitOfWork (http://localhost:3456/_next/static/chunks/15bj_next_dist_compiled_react-dom_1-_zk8s._.js:9555:97)
    at workLoopConcurrentByScheduler (http://localhost:3456/_next/static/chunks/15bj_next_dist_compiled_react-dom_1-_zk8s._.js:9551:58)
    at renderRootConcurrent (http://localhost:3456/_next/static/chunks/15bj_next_dist_compiled_react-dom_1-_zk8s._.js:9534:71)
    at performWorkOnRoot (http://localhost:3456/_next/static/chunks/15bj_next_dist_compiled_react-dom_1-_zk8s._.js:9061:150)
    at performWorkOnRootViaSchedulerTask (http://localhost:3456/_next/static/chunks/15bj_next_dist_compiled_react-dom_1-_zk8s._.js:10255:9)
    at MessagePort.performWorkUntilDeadline (http://localhost:3456/_next/static/chunks/15bj_next_dist_compiled_1t9iu_k._.js:2647:64) @ http://localhost:3456/_next/static/chunks/15bj_next_dist_1pgdny1._.js:3318
[     840ms] [ERROR] IntlError: ENVIRONMENT_FALLBACK: The `now` parameter wasn't provided to `relativeTime` and there is no global default configured, therefore the current time will be used as a fallback. See https://next-intl.dev/docs/usage/dates-times#relative-times-usenow
    at getGlobalNow (http://localhost:3456/_next/static/chunks/15bj_1tqsx3q._.js:3890:21)
    at Object.relativeTime (http://localhost:3456/_next/static/chunks/15bj_1tqsx3q._.js:3912:27)
    at UpdatedStamp (http://localhost:3456/_next/static/chunks/build_fifa_src_18be05u._.js:950:25)
    at Object.react_stack_bottom_frame (http://localhost:3456/_next/static/chunks/15bj_next_dist_compiled_react-dom_1-_zk8s._.js:15037:24)
    at renderWithHooks (http://localhost:3456/_next/static/chunks/15bj_next_dist_compiled_react-dom_1-_zk8s._.js:4620:24)
    at updateFunctionComponent (http://localhost:3456/_next/static/chunks/15bj_next_dist_compiled_react-dom_1-_zk8s._.js:6081:21)
    at beginWork (http://localhost:3456/_next/static/chunks/15bj_next_dist_compiled_react-dom_1-_zk8s._.js:6691:24)
    at runWithFiberInDEV (http://localhost:3456/_next/static/chunks/15bj_next_dist_compiled_react-dom_1-_zk8s._.js:965:74)
    at performUnitOfWork (http://localhost:3456/_next/static/chunks/15bj_next_dist_compiled_react-dom_1-_zk8s._.js:9555:97)
    at workLoopSync (http://localhost:3456/_next/static/chunks/15bj_next_dist_compiled_react-dom_1-_zk8s._.js:9449:40)
    at renderRootSync (http://localhost:3456/_next/static/chunks/15bj_next_dist_compiled_react-dom_1-_zk8s._.js:9433:13)
    at performWorkOnRoot (http://localhost:3456/_next/static/chunks/15bj_next_dist_compiled_react-dom_1-_zk8s._.js:9061:186)
    at performWorkOnRootViaSchedulerTask (http://localhost:3456/_next/static/chunks/15bj_next_dist_compiled_react-dom_1-_zk8s._.js:10255:9)
    at MessagePort.performWorkUntilDeadline (http://localhost:3456/_next/static/chunks/15bj_next_dist_compiled_1t9iu_k._.js:2647:64) @ http://localhost:3456/_next/static/chunks/15bj_next_dist_1pgdny1._.js:3318
[     840ms] [ERROR] IntlError: ENVIRONMENT_FALLBACK: The `now` parameter wasn't provided to `relativeTime` and there is no global default configured, therefore the current time will be used as a fallback. See https://next-intl.dev/docs/usage/dates-times#relative-times-usenow
    at getGlobalNow (http://localhost:3456/_next/static/chunks/15bj_1tqsx3q._.js:3890:21)
    at Object.relativeTime (http://localhost:3456/_next/static/chunks/15bj_1tqsx3q._.js:3912:27)
    at UpdatedStamp (http://localhost:3456/_next/static/chunks/build_fifa_src_18be05u._.js:950:25)
    at Object.react_stack_bottom_frame (http://localhost:3456/_next/static/chunks/15bj_next_dist_compiled_react-dom_1-_zk8s._.js:15037:24)
    at renderWithHooksAgain (http://localhost:3456/_next/static/chunks/15bj_next_dist_compiled_react-dom_1-_zk8s._.js:4675:24)
    at renderWithHooks (http://localhost:3456/_next/static/chunks/15bj_next_dist_compiled_react-dom_1-_zk8s._.js:4626:28)
    at updateFunctionComponent (http://localhost:3456/_next/static/chunks/15bj_next_dist_compiled_react-dom_1-_zk8s._.js:6081:21)
    at beginWork (http://localhost:3456/_next/static/chunks/15bj_next_dist_compiled_react-dom_1-_zk8s._.js:6691:24)
    at runWithFiberInDEV (http://localhost:3456/_next/static/chunks/15bj_next_dist_compiled_react-dom_1-_zk8s._.js:965:74)
    at performUnitOfWork (http://localhost:3456/_next/static/chunks/15bj_next_dist_compiled_react-dom_1-_zk8s._.js:9555:97)
    at workLoopSync (http://localhost:3456/_next/static/chunks/15bj_next_dist_compiled_react-dom_1-_zk8s._.js:9449:40)
    at renderRootSync (http://localhost:3456/_next/static/chunks/15bj_next_dist_compiled_react-dom_1-_zk8s._.js:9433:13)
    at performWorkOnRoot (http://localhost:3456/_next/static/chunks/15bj_next_dist_compiled_react-dom_1-_zk8s._.js:9061:186)
    at performWorkOnRootViaSchedulerTask (http://localhost:3456/_next/static/chunks/15bj_next_dist_compiled_react-dom_1-_zk8s._.js:10255:9)
    at MessagePort.performWorkUntilDeadline (http://localhost:3456/_next/static/chunks/15bj_next_dist_compiled_1t9iu_k._.js:2647:64) @ http://localhost:3456/_next/static/chunks/15bj_next_dist_1pgdny1._.js:3318
[    4747ms] [ERROR] IntlError: ENVIRONMENT_FALLBACK: The `now` parameter wasn't provided to `relativeTime` and there is no global default configured, therefore the current time will be used as a fallback. See https://next-intl.dev/docs/usage/dates-times#relative-times-usenow
    at getGlobalNow (http://localhost:3456/_next/static/chunks/15bj_1tqsx3q._.js:3890:21)
    at Object.relativeTime (http://localhost:3456/_next/static/chunks/15bj_1tqsx3q._.js:3912:27)
    at UpdatedStamp (http://localhost:3456/_next/static/chunks/build_fifa_src_18be05u._.js:950:25)
    at Object.react_stack_bottom_frame (http://localhost:3456/_next/static/chunks/15bj_next_dist_compiled_react-dom_1-_zk8s._.js:15037:24)
    at renderWithHooks (http://localhost:3456/_next/static/chunks/15bj_next_dist_compiled_react-dom_1-_zk8s._.js:4620:24)
    at updateFunctionComponent (http://localhost:3456/_next/static/chunks/15bj_next_dist_compiled_react-dom_1-_zk8s._.js:6081:21)
    at beginWork (http://localhost:3456/_next/static/chunks/15bj_next_dist_compiled_react-dom_1-_zk8s._.js:6691:24)
    at runWithFiberInDEV (http://localhost:3456/_next/static/chunks/15bj_next_dist_compiled_react-dom_1-_zk8s._.js:965:74)
    at performUnitOfWork (http://localhost:3456/_next/static/chunks/15bj_next_dist_compiled_react-dom_1-_zk8s._.js:9555:97)
    at workLoopSync (http://localhost:3456/_next/static/chunks/15bj_next_dist_compiled_react-dom_1-_zk8s._.js:9449:40)
    at renderRootSync (http://localhost:3456/_next/static/chunks/15bj_next_dist_compiled_react-dom_1-_zk8s._.js:9433:13)
    at performWorkOnRoot (http://localhost:3456/_next/static/chunks/15bj_next_dist_compiled_react-dom_1-_zk8s._.js:9061:186)
    at performWorkOnRootViaSchedulerTask (http://localhost:3456/_next/static/chunks/15bj_next_dist_compiled_react-dom_1-_zk8s._.js:10255:9)
    at MessagePort.performWorkUntilDeadline (http://localhost:3456/_next/static/chunks/15bj_next_dist_compiled_1t9iu_k._.js:2647:64) @ http://localhost:3456/_next/static/chunks/15bj_next_dist_1pgdny1._.js:3318
[    4748ms] [ERROR] IntlError: ENVIRONMENT_FALLBACK: The `now` parameter wasn't provided to `relativeTime` and there is no global default configured, therefore the current time will be used as a fallback. See https://next-intl.dev/docs/usage/dates-times#relative-times-usenow
    at getGlobalNow (http://localhost:3456/_next/static/chunks/15bj_1tqsx3q._.js:3890:21)
    at Object.relativeTime (http://localhost:3456/_next/static/chunks/15bj_1tqsx3q._.js:3912:27)
    at UpdatedStamp (http://localhost:3456/_next/static/chunks/build_fifa_src_18be05u._.js:950:25)
    at Object.react_stack_bottom_frame (http://localhost:3456/_next/static/chunks/15bj_next_dist_compiled_react-dom_1-_zk8s._.js:15037:24)
    at renderWithHooksAgain (http://localhost:3456/_next/static/chunks/15bj_next_dist_compiled_react-dom_1-_zk8s._.js:4675:24)
    at renderWithHooks (http://localhost:3456/_next/static/chunks/15bj_next_dist_compiled_react-dom_1-_zk8s._.js:4626:28)
    at updateFunctionComponent (http://localhost:3456/_next/static/chunks/15bj_next_dist_compiled_react-dom_1-_zk8s._.js:6081:21)
    at beginWork (http://localhost:3456/_next/static/chunks/15bj_next_dist_compiled_react-dom_1-_zk8s._.js:6691:24)
    at runWithFiberInDEV (http://localhost:3456/_next/static/chunks/15bj_next_dist_compiled_react-dom_1-_zk8s._.js:965:74)
    at performUnitOfWork (http://localhost:3456/_next/static/chunks/15bj_next_dist_compiled_react-dom_1-_zk8s._.js:9555:97)
    at workLoopSync (http://localhost:3456/_next/static/chunks/15bj_next_dist_compiled_react-dom_1-_zk8s._.js:9449:40)
    at renderRootSync (http://localhost:3456/_next/static/chunks/15bj_next_dist_compiled_react-dom_1-_zk8s._.js:9433:13)
    at performWorkOnRoot (http://localhost:3456/_next/static/chunks/15bj_next_dist_compiled_react-dom_1-_zk8s._.js:9061:186)
    at performWorkOnRootViaSchedulerTask (http://localhost:3456/_next/static/chunks/15bj_next_dist_compiled_react-dom_1-_zk8s._.js:10255:9)
    at MessagePort.performWorkUntilDeadline (http://localhost:3456/_next/static/chunks/15bj_next_dist_compiled_1t9iu_k._.js:2647:64) @ http://localhost:3456/_next/static/chunks/15bj_next_dist_1pgdny1._.js:3318
[    9759ms] [ERROR] IntlError: ENVIRONMENT_FALLBACK: The `now` parameter wasn't provided to `relativeTime` and there is no global default configured, therefore the current time will be used as a fallback. See https://next-intl.dev/docs/usage/dates-times#relative-times-usenow
    at getGlobalNow (http://localhost:3456/_next/static/chunks/15bj_1tqsx3q._.js:3890:21)
    at Object.relativeTime (http://localhost:3456/_next/static/chunks/15bj_1tqsx3q._.js:3912:27)
    at UpdatedStamp (http://localhost:3456/_next/static/chunks/build_fifa_src_18be05u._.js:950:25)
    at Object.react_stack_bottom_frame (http://localhost:3456/_next/static/chunks/15bj_next_dist_compiled_react-dom_1-_zk8s._.js:15037:24)
    at renderWithHooks (http://localhost:3456/_next/static/chunks/15bj_next_dist_compiled_react-dom_1-_zk8s._.js:4620:24)
    at updateFunctionComponent (http://localhost:3456/_next/static/chunks/15bj_next_dist_compiled_react-dom_1-_zk8s._.js:6081:21)
    at beginWork (http://localhost:3456/_next/static/chunks/15bj_next_dist_compiled_react-dom_1-_zk8s._.js:6691:24)
    at runWithFiberInDEV (http://localhost:3456/_next/static/chunks/15bj_next_dist_compiled_react-dom_1-_zk8s._.js:965:74)
    at performUnitOfWork (http://localhost:3456/_next/static/chunks/15bj_next_dist_compiled_react-dom_1-_zk8s._.js:9555:97)
    at workLoopSync (http://localhost:3456/_next/static/chunks/15bj_next_dist_compiled_react-dom_1-_zk8s._.js:9449:40)
    at renderRootSync (http://localhost:3456/_next/static/chunks/15bj_next_dist_compiled_react-dom_1-_zk8s._.js:9433:13)
    at performWorkOnRoot (http://localhost:3456/_next/static/chunks/15bj_next_dist_compiled_react-dom_1-_zk8s._.js:9061:186)
    at performWorkOnRootViaSchedulerTask (http://localhost:3456/_next/static/chunks/15bj_next_dist_compiled_react-dom_1-_zk8s._.js:10255:9)
    at MessagePort.performWorkUntilDeadline (http://localhost:3456/_next/static/chunks/15bj_next_dist_compiled_1t9iu_k._.js:2647:64) @ http://localhost:3456/_next/static/chunks/15bj_next_dist_1pgdny1._.js:3318
[    9760ms] [ERROR] IntlError: ENVIRONMENT_FALLBACK: The `now` parameter wasn't provided to `relativeTime` and there is no global default configured, therefore the current time will be used as a fallback. See https://next-intl.dev/docs/usage/dates-times#relative-times-usenow
    at getGlobalNow (http://localhost:3456/_next/static/chunks/15bj_1tqsx3q._.js:3890:21)
    at Object.relativeTime (http://localhost:3456/_next/static/chunks/15bj_1tqsx3q._.js:3912:27)
    at UpdatedStamp (http://localhost:3456/_next/static/chunks/build_fifa_src_18be05u._.js:950:25)
    at Object.react_stack_bottom_frame (http://localhost:3456/_next/static/chunks/15bj_next_dist_compiled_react-dom_1-_zk8s._.js:15037:24)
    at renderWithHooksAgain (http://localhost:3456/_next/static/chunks/15bj_next_dist_compiled_react-dom_1-_zk8s._.js:4675:24)
    at renderWithHooks (http://localhost:3456/_next/static/chunks/15bj_next_dist_compiled_react-dom_1-_zk8s._.js:4626:28)
    at updateFunctionComponent (http://localhost:3456/_next/static/chunks/15bj_next_dist_compiled_react-dom_1-_zk8s._.js:6081:21)
    at beginWork (http://localhost:3456/_next/static/chunks/15bj_next_dist_compiled_react-dom_1-_zk8s._.js:6691:24)
    at runWithFiberInDEV (http://localhost:3456/_next/static/chunks/15bj_next_dist_compiled_react-dom_1-_zk8s._.js:965:74)
    at performUnitOfWork (http://localhost:3456/_next/static/chunks/15bj_next_dist_compiled_react-dom_1-_zk8s._.js:9555:97)
    at workLoopSync (http://localhost:3456/_next/static/chunks/15bj_next_dist_compiled_react-dom_1-_zk8s._.js:9449:40)
    at renderRootSync (http://localhost:3456/_next/static/chunks/15bj_next_dist_compiled_react-dom_1-_zk8s._.js:9433:13)
    at performWorkOnRoot (http://localhost:3456/_next/static/chunks/15bj_next_dist_compiled_react-dom_1-_zk8s._.js:9061:186)
    at performWorkOnRootViaSchedulerTask (http://localhost:3456/_next/static/chunks/15bj_next_dist_compiled_react-dom_1-_zk8s._.js:10255:9)
    at MessagePort.performWorkUntilDeadline (http://localhost:3456/_next/static/chunks/15bj_next_dist_compiled_1t9iu_k._.js:2647:64) @ http://localhost:3456/_next/static/chunks/15bj_next_dist_1pgdny1._.js:3318
[   14762ms] [ERROR] IntlError: ENVIRONMENT_FALLBACK: The `now` parameter wasn't provided to `relativeTime` and there is no global default configured, therefore the current time will be used as a fallback. See https://next-intl.dev/docs/usage/dates-times#relative-times-usenow
    at getGlobalNow (http://localhost:3456/_next/static/chunks/15bj_1tqsx3q._.js:3890:21)
    at Object.relativeTime (http://localhost:3456/_next/static/chunks/15bj_1tqsx3q._.js:3912:27)
    at UpdatedStamp (http://localhost:3456/_next/static/chunks/build_fifa_src_18be05u._.js:950:25)
    at Object.react_stack_bottom_frame (http://localhost:3456/_next/static/chunks/15bj_next_dist_compiled_react-dom_1-_zk8s._.js:15037:24)
    at renderWithHooks (http://localhost:3456/_next/static/chunks/15bj_next_dist_compiled_react-dom_1-_zk8s._.js:4620:24)
    at updateFunctionComponent (http://localhost:3456/_next/static/chunks/15bj_next_dist_compiled_react-dom_1-_zk8s._.js:6081:21)
    at beginWork (http://localhost:3456/_next/static/chunks/15bj_next_dist_compiled_react-dom_1-_zk8s._.js:6691:24)
    at runWithFiberInDEV (http://localhost:3456/_next/static/chunks/15bj_next_dist_compiled_react-dom_1-_zk8s._.js:965:74)
    at performUnitOfWork (http://localhost:3456/_next/static/chunks/15bj_next_dist_compiled_react-dom_1-_zk8s._.js:9555:97)
    at workLoopSync (http://localhost:3456/_next/static/chunks/15bj_next_dist_compiled_react-dom_1-_zk8s._.js:9449:40)
    at renderRootSync (http://localhost:3456/_next/static/chunks/15bj_next_dist_compiled_react-dom_1-_zk8s._.js:9433:13)
    at performWorkOnRoot (http://localhost:3456/_next/static/chunks/15bj_next_dist_compiled_react-dom_1-_zk8s._.js:9061:186)
    at performWorkOnRootViaSchedulerTask (http://localhost:3456/_next/static/chunks/15bj_next_dist_compiled_react-dom_1-_zk8s._.js:10255:9)
    at MessagePort.performWorkUntilDeadline (http://localhost:3456/_next/static/chunks/15bj_next_dist_compiled_1t9iu_k._.js:2647:64) @ http://localhost:3456/_next/static/chunks/15bj_next_dist_1pgdny1._.js:3318
[   14762ms] [ERROR] IntlError: ENVIRONMENT_FALLBACK: The `now` parameter wasn't provided to `relativeTime` and there is no global default configured, therefore the current time will be used as a fallback. See https://next-intl.dev/docs/usage/dates-times#relative-times-usenow
    at getGlobalNow (http://localhost:3456/_next/static/chunks/15bj_1tqsx3q._.js:3890:21)
    at Object.relativeTime (http://localhost:3456/_next/static/chunks/15bj_1tqsx3q._.js:3912:27)
    at UpdatedStamp (http://localhost:3456/_next/static/chunks/build_fifa_src_18be05u._.js:950:25)
    at Object.react_stack_bottom_frame (http://localhost:3456/_next/static/chunks/15bj_next_dist_compiled_react-dom_1-_zk8s._.js:15037:24)
    at renderWithHooksAgain (http://localhost:3456/_next/static/chunks/15bj_next_dist_compiled_react-dom_1-_zk8s._.js:4675:24)
    at renderWithHooks (http://localhost:3456/_next/static/chunks/15bj_next_dist_compiled_react-dom_1-_zk8s._.js:4626:28)
    at updateFunctionComponent (http://localhost:3456/_next/static/chunks/15bj_next_dist_compiled_react-dom_1-_zk8s._.js:6081:21)
    at beginWork (http://localhost:3456/_next/static/chunks/15bj_next_dist_compiled_react-dom_1-_zk8s._.js:6691:24)
    at runWithFiberInDEV (http://localhost:3456/_next/static/chunks/15bj_next_dist_compiled_react-dom_1-_zk8s._.js:965:74)
    at performUnitOfWork (http://localhost:3456/_next/static/chunks/15bj_next_dist_compiled_react-dom_1-_zk8s._.js:9555:97)
    at workLoopSync (http://localhost:3456/_next/static/chunks/15bj_next_dist_compiled_react-dom_1-_zk8s._.js:9449:40)
    at renderRootSync (http://localhost:3456/_next/static/chunks/15bj_next_dist_compiled_react-dom_1-_zk8s._.js:9433:13)
    at performWorkOnRoot (http://localhost:3456/_next/static/chunks/15bj_next_dist_compiled_react-dom_1-_zk8s._.js:9061:186)
    at performWorkOnRootViaSchedulerTask (http://localhost:3456/_next/static/chunks/15bj_next_dist_compiled_react-dom_1-_zk8s._.js:10255:9)
    at MessagePort.performWorkUntilDeadline (http://localhost:3456/_next/static/chunks/15bj_next_dist_compiled_1t9iu_k._.js:2647:64) @ http://localhost:3456/_next/static/chunks/15bj_next_dist_1pgdny1._.js:3318
[   19774ms] [ERROR] IntlError: ENVIRONMENT_FALLBACK: The `now` parameter wasn't provided to `relativeTime` and there is no global default configured, therefore the current time will be used as a fallback. See https://next-intl.dev/docs/usage/dates-times#relative-times-usenow
    at getGlobalNow (http://localhost:3456/_next/static/chunks/15bj_1tqsx3q._.js:3890:21)
    at Object.relativeTime (http://localhost:3456/_next/static/chunks/15bj_1tqsx3q._.js:3912:27)
    at UpdatedStamp (http://localhost:3456/_next/static/chunks/build_fifa_src_18be05u._.js:950:25)
    at Object.react_stack_bottom_frame (http://localhost:3456/_next/static/chunks/15bj_next_dist_compiled_react-dom_1-_zk8s._.js:15037:24)
    at renderWithHooks (http://localhost:3456/_next/static/chunks/15bj_next_dist_compiled_react-dom_1-_zk8s._.js:4620:24)
    at updateFunctionComponent (http://localhost:3456/_next/static/chunks/15bj_next_dist_compiled_react-dom_1-_zk8s._.js:6081:21)
    at beginWork (http://localhost:3456/_next/static/chunks/15bj_next_dist_compiled_react-dom_1-_zk8s._.js:6691:24)
    at runWithFiberInDEV (http://localhost:3456/_next/static/chunks/15bj_next_dist_compiled_react-dom_1-_zk8s._.js:965:74)
    at performUnitOfWork (http://localhost:3456/_next/static/chunks/15bj_next_dist_compiled_react-dom_1-_zk8s._.js:9555:97)
    at workLoopSync (http://localhost:3456/_next/static/chunks/15bj_next_dist_compiled_react-dom_1-_zk8s._.js:9449:40)
    at renderRootSync (http://localhost:3456/_next/static/chunks/15bj_next_dist_compiled_react-dom_1-_zk8s._.js:9433:13)
    at performWorkOnRoot (http://localhost:3456/_next/static/chunks/15bj_next_dist_compiled_react-dom_1-_zk8s._.js:9061:186)
    at performWorkOnRootViaSchedulerTask (http://localhost:3456/_next/static/chunks/15bj_next_dist_compiled_react-dom_1-_zk8s._.js:10255:9)
    at MessagePort.performWorkUntilDeadline (http://localhost:3456/_next/static/chunks/15bj_next_dist_compiled_1t9iu_k._.js:2647:64) @ http://localhost:3456/_next/static/chunks/15bj_next_dist_1pgdny1._.js:3318
[   19774ms] [ERROR] IntlError: ENVIRONMENT_FALLBACK: The `now` parameter wasn't provided to `relativeTime` and there is no global default configured, therefore the current time will be used as a fallback. See https://next-intl.dev/docs/usage/dates-times#relative-times-usenow
    at getGlobalNow (http://localhost:3456/_next/static/chunks/15bj_1tqsx3q._.js:3890:21)
    at Object.relativeTime (http://localhost:3456/_next/static/chunks/15bj_1tqsx3q._.js:3912:27)
    at UpdatedStamp (http://localhost:3456/_next/static/chunks/build_fifa_src_18be05u._.js:950:25)
    at Object.react_stack_bottom_frame (http://localhost:3456/_next/static/chunks/15bj_next_dist_compiled_react-dom_1-_zk8s._.js:15037:24)
    at renderWithHooksAgain (http://localhost:3456/_next/static/chunks/15bj_next_dist_compiled_react-dom_1-_zk8s._.js:4675:24)
    at renderWithHooks (http://localhost:3456/_next/static/chunks/15bj_next_dist_compiled_react-dom_1-_zk8s._.js:4626:28)
    at updateFunctionComponent (http://localhost:3456/_next/static/chunks/15bj_next_dist_compiled_react-dom_1-_zk8s._.js:6081:21)
    at beginWork (http://localhost:3456/_next/static/chunks/15bj_next_dist_compiled_react-dom_1-_zk8s._.js:6691:24)
    at runWithFiberInDEV (http://localhost:3456/_next/static/chunks/15bj_next_dist_compiled_react-dom_1-_zk8s._.js:965:74)
    at performUnitOfWork (http://localhost:3456/_next/static/chunks/15bj_next_dist_compiled_react-dom_1-_zk8s._.js:9555:97)
    at workLoopSync (http://localhost:3456/_next/static/chunks/15bj_next_dist_compiled_react-dom_1-_zk8s._.js:9449:40)
    at renderRootSync (http://localhost:3456/_next/static/chunks/15bj_next_dist_compiled_react-dom_1-_zk8s._.js:9433:13)
    at performWorkOnRoot (http://localhost:3456/_next/static/chunks/15bj_next_dist_compiled_react-dom_1-_zk8s._.js:9061:186)
    at performWorkOnRootViaSchedulerTask (http://localhost:3456/_next/static/chunks/15bj_next_dist_compiled_react-dom_1-_zk8s._.js:10255:9)
    at MessagePort.performWorkUntilDeadline (http://localhost:3456/_next/static/chunks/15bj_next_dist_compiled_1t9iu_k._.js:2647:64) @ http://localhost:3456/_next/static/chunks/15bj_next_dist_1pgdny1._.js:3318
[   24802ms] [ERROR] IntlError: ENVIRONMENT_FALLBACK: The `now` parameter wasn't provided to `relativeTime` and there is no global default configured, therefore the current time will be used as a fallback. See https://next-intl.dev/docs/usage/dates-times#relative-times-usenow
    at getGlobalNow (http://localhost:3456/_next/static/chunks/15bj_1tqsx3q._.js:3890:21)
    at Object.relativeTime (http://localhost:3456/_next/static/chunks/15bj_1tqsx3q._.js:3912:27)
    at UpdatedStamp (http://localhost:3456/_next/static/chunks/build_fifa_src_18be05u._.js:950:25)
    at Object.react_stack_bottom_frame (http://localhost:3456/_next/static/chunks/15bj_next_dist_compiled_react-dom_1-_zk8s._.js:15037:24)
    at renderWithHooks (http://localhost:3456/_next/static/chunks/15bj_next_dist_compiled_react-dom_1-_zk8s._.js:4620:24)
    at updateFunctionComponent (http://localhost:3456/_next/static/chunks/15bj_next_dist_compiled_react-dom_1-_zk8s._.js:6081:21)
    at beginWork (http://localhost:3456/_next/static/chunks/15bj_next_dist_compiled_react-dom_1-_zk8s._.js:6691:24)
    at runWithFiberInDEV (http://localhost:3456/_next/static/chunks/15bj_next_dist_compiled_react-dom_1-_zk8s._.js:965:74)
    at performUnitOfWork (http://localhost:3456/_next/static/chunks/15bj_next_dist_compiled_react-dom_1-_zk8s._.js:9555:97)
    at workLoopSync (http://localhost:3456/_next/static/chunks/15bj_next_dist_compiled_react-dom_1-_zk8s._.js:9449:40)
    at renderRootSync (http://localhost:3456/_next/static/chunks/15bj_next_dist_compiled_react-dom_1-_zk8s._.js:9433:13)
    at performWorkOnRoot (http://localhost:3456/_next/static/chunks/15bj_next_dist_compiled_react-dom_1-_zk8s._.js:9061:186)
    at performWorkOnRootViaSchedulerTask (http://localhost:3456/_next/static/chunks/15bj_next_dist_compiled_react-dom_1-_zk8s._.js:10255:9)
    at MessagePort.performWorkUntilDeadline (http://localhost:3456/_next/static/chunks/15bj_next_dist_compiled_1t9iu_k._.js:2647:64) @ http://localhost:3456/_next/static/chunks/15bj_next_dist_1pgdny1._.js:3318
[   24803ms] [ERROR] IntlError: ENVIRONMENT_FALLBACK: The `now` parameter wasn't provided to `relativeTime` and there is no global default configured, therefore the current time will be used as a fallback. See https://next-intl.dev/docs/usage/dates-times#relative-times-usenow
    at getGlobalNow (http://localhost:3456/_next/static/chunks/15bj_1tqsx3q._.js:3890:21)
    at Object.relativeTime (http://localhost:3456/_next/static/chunks/15bj_1tqsx3q._.js:3912:27)
    at UpdatedStamp (http://localhost:3456/_next/static/chunks/build_fifa_src_18be05u._.js:950:25)
    at Object.react_stack_bottom_frame (http://localhost:3456/_next/static/chunks/15bj_next_dist_compiled_react-dom_1-_zk8s._.js:15037:24)
    at renderWithHooksAgain (http://localhost:3456/_next/static/chunks/15bj_next_dist_compiled_react-dom_1-_zk8s._.js:4675:24)
    at renderWithHooks (http://localhost:3456/_next/static/chunks/15bj_next_dist_compiled_react-dom_1-_zk8s._.js:4626:28)
    at updateFunctionComponent (http://localhost:3456/_next/static/chunks/15bj_next_dist_compiled_react-dom_1-_zk8s._.js:6081:21)
    at beginWork (http://localhost:3456/_next/static/chunks/15bj_next_dist_compiled_react-dom_1-_zk8s._.js:6691:24)
    at runWithFiberInDEV (http://localhost:3456/_next/static/chunks/15bj_next_dist_compiled_react-dom_1-_zk8s._.js:965:74)
    at performUnitOfWork (http://localhost:3456/_next/static/chunks/15bj_next_dist_compiled_react-dom_1-_zk8s._.js:9555:97)
    at workLoopSync (http://localhost:3456/_next/static/chunks/15bj_next_dist_compiled_react-dom_1-_zk8s._.js:9449:40)
    at renderRootSync (http://localhost:3456/_next/static/chunks/15bj_next_dist_compiled_react-dom_1-_zk8s._.js:9433:13)
    at performWorkOnRoot (http://localhost:3456/_next/static/chunks/15bj_next_dist_compiled_react-dom_1-_zk8s._.js:9061:186)
    at performWorkOnRootViaSchedulerTask (http://localhost:3456/_next/static/chunks/15bj_next_dist_compiled_react-dom_1-_zk8s._.js:10255:9)
    at MessagePort.performWorkUntilDeadline (http://localhost:3456/_next/static/chunks/15bj_next_dist_compiled_1t9iu_k._.js:2647:64) @ http://localhost:3456/_next/static/chunks/15bj_next_dist_1pgdny1._.js:3318
[   27498ms] [LOG] [Fast Refresh] rebuilding @ http://localhost:3456/_next/static/chunks/15bj_next_dist_1pgdny1._.js:2477
[   27577ms] [LOG] [Fast Refresh] done in 162ms @ http://localhost:3456/_next/static/chunks/15bj_next_dist_1pgdny1._.js:2477
