[     217ms] [INFO] %cDownload the React DevTools for a better development experience: https://react.dev/link/react-devtools font-weight:bold @ http://localhost:3456/_next/static/chunks/15bj_next_dist_1pgdny1._.js:2477
[     229ms] [LOG] [HMR] connected @ http://localhost:3456/_next/static/chunks/15bj_next_dist_1pgdny1._.js:2477
[  145254ms] [ERROR] Failed to load resource: net::ERR_INCOMPLETE_CHUNKED_ENCODING @ http://localhost:3456/api/live:0
[  146762ms] [LOG] [HMR] connected @ http://localhost:3456/_next/static/chunks/15bj_next_dist_1pgdny1._.js:2477
[  166580ms] [ERROR] Failed to load resource: net::ERR_EMPTY_RESPONSE @ http://localhost:3456/_next/static/chunks/node_modules_next_dist_compiled_react-server-dom-turbopack_164kp-6._.js:0
[  166581ms] [ERROR] Failed to load resource: net::ERR_EMPTY_RESPONSE @ http://localhost:3456/_next/static/chunks/node_modules_next_dist_compiled_react-dom_096_9a-._.js:0
[  166581ms] [ERROR] Failed to load resource: net::ERR_EMPTY_RESPONSE @ http://localhost:3456/_next/static/chunks/node_modules_next_dist_compiled_next-devtools_index_090k2jm.js:0
[  166581ms] [ERROR] Failed to load resource: net::ERR_EMPTY_RESPONSE @ http://localhost:3456/_next/static/chunks/%5Bturbopack%5D_browser_dev_hmr-client_hmr-client_ts_1xx01vv._.js:0
[  166581ms] [ERROR] Failed to load resource: net::ERR_INCOMPLETE_CHUNKED_ENCODING @ http://localhost:3456/en:0
[  166583ms] [ERROR] Failed to load resource: net::ERR_CONNECTION_REFUSED @ http://localhost:3456/_next/static/chunks/%5Broot-of-the-server%5D__1dv76g5._.css:0
[  166583ms] [ERROR] Failed to load resource: net::ERR_CONNECTION_REFUSED @ http://localhost:3456/_next/static/chunks/node_modules_next_dist_compiled_1amofcm._.js:0
[  166583ms] [ERROR] Failed to load resource: net::ERR_CONNECTION_REFUSED @ http://localhost:3456/_next/static/chunks/node_modules_next_dist_client_0r5nbpw._.js:0
[  166583ms] [ERROR] Failed to load resource: net::ERR_CONNECTION_REFUSED @ http://localhost:3456/_next/static/chunks/node_modules_next_dist_1ybzpk2._.js:0
[  166583ms] [ERROR] Failed to load resource: net::ERR_CONNECTION_REFUSED @ http://localhost:3456/_next/static/chunks/node_modules_%40swc_helpers_cjs_1r9vbqw._.js:0
[  166583ms] [ERROR] Failed to load resource: net::ERR_CONNECTION_REFUSED @ http://localhost:3456/_next/static/chunks/_1anvha4._.js:0
[  166583ms] [ERROR] Failed to load resource: net::ERR_CONNECTION_REFUSED @ http://localhost:3456/_next/static/chunks/turbopack-_01_ro95._.js:0
[  166583ms] [ERROR] Failed to load resource: net::ERR_CONNECTION_REFUSED @ http://localhost:3456/_next/static/chunks/node_modules_next_dist_1e9_p6y._.js:0
[  166583ms] [ERROR] Failed to load resource: net::ERR_CONNECTION_REFUSED @ http://localhost:3456/_next/static/chunks/node_modules_next_dist_client_components_builtin_not-found_007e4b2.js:0
[  166584ms] [ERROR] Failed to load resource: net::ERR_CONNECTION_REFUSED @ http://localhost:3456/_next/static/chunks/node_modules_next_dist_client_components_builtin_global-error_007e4b2.js:0
[  166584ms] [ERROR] Failed to load resource: net::ERR_CONNECTION_REFUSED @ http://localhost:3456/_next/static/chunks/node_modules_1vq2lff._.js:0
[  166584ms] [ERROR] Failed to load resource: net::ERR_CONNECTION_REFUSED @ http://localhost:3456/_next/static/chunks/src_0na6p7w._.js:0
[  166584ms] [ERROR] Failed to load resource: net::ERR_CONNECTION_REFUSED @ http://localhost:3456/_next/static/chunks/src_app_%5Blocale%5D_layout_tsx_007e4b2._.js:0
[  166584ms] [ERROR] Failed to load resource: net::ERR_CONNECTION_REFUSED @ http://localhost:3456/_next/static/chunks/src_0ebpgpf._.js:0
[  166584ms] [ERROR] Failed to load resource: net::ERR_CONNECTION_REFUSED @ http://localhost:3456/_next/static/chunks/src_app_%5Blocale%5D_page_tsx_0qtywp_._.js:0
