[     309ms] [INFO] %cDownload the React DevTools for a better development experience: https://react.dev/link/react-devtools font-weight:bold @ http://localhost:3456/_next/static/chunks/15bj_next_dist_1pgdny1._.js:2477
[     336ms] [LOG] [HMR] connected @ http://localhost:3456/_next/static/chunks/15bj_next_dist_1pgdny1._.js:2477
[     412ms] Error: Hydration failed because the server rendered text didn't match the client. As a result this tree will be regenerated on the client. This can happen if a SSR-ed Client Component used:

- A server/client branch `if (typeof window !== 'undefined')`.
- Variable input such as `Date.now()` or `Math.random()` which changes each time it's called.
- Date formatting in a user's locale which doesn't match the server.
- External changing data without sending a snapshot of it along with the HTML.
- Invalid HTML tag nesting.

It can also happen if the client has a browser extension installed which messes with the HTML before React loaded.

https://react.dev/link/hydration-mismatch

  ...
    <InnerScrollAndFocusHandlerOld focusAndScrollRef={{scrollRef:null, ...}} cacheNode={{rsc:{...}, ...}}>
      <ErrorBoundary errorComponent={undefined} errorStyles={undefined} errorScripts={undefined}>
        <LoadingBoundary name="en/" loading={null}>
          <HTTPAccessFallbackBoundary notFound={undefined} forbidden={undefined} unauthorized={undefined}>
            <RedirectBoundary>
              <RedirectErrorBoundary router={{...}}>
                <InnerLayoutRouter url="/en" tree={[...]} params={{locale:"en"}} cacheNode={{rsc:{...}, ...}} ...>
                  <SegmentViewNode type="page" pagePath="[locale]/p...">
                    <SegmentTrieNode>
                    <HomePage>
                      <HomeDashboard initial={{matches:[...], ...}} standings={[...]} scorers={[...]} mock={true}>
                        <div className="space-y-10">
                          <div className="flex flex-...">
                            <h1>
                            <div className="flex items...">
                              <span>
                              <UpdatedStamp updatedAt={1781197511920} stale={false}>
                                <p className="text-xs font-medium text-white/50">
+                                 Updated 2 seconds ago
-                                 Updated 1 second ago
                          ...
                  ...
                ...
      ...

    at throwOnHydrationMismatch (http://localhost:3456/_next/static/chunks/15bj_next_dist_compiled_react-dom_1-_zk8s._.js:3318:56)
    at prepareToHydrateHostInstance (http://localhost:3456/_next/static/chunks/15bj_next_dist_compiled_react-dom_1-_zk8s._.js:3372:23)
    at completeWork (http://localhost:3456/_next/static/chunks/15bj_next_dist_compiled_react-dom_1-_zk8s._.js:6922:60)
    at runWithFiberInDEV (http://localhost:3456/_next/static/chunks/15bj_next_dist_compiled_react-dom_1-_zk8s._.js:965:74)
    at completeUnitOfWork (http://localhost:3456/_next/static/chunks/15bj_next_dist_compiled_react-dom_1-_zk8s._.js:9622:23)
    at performUnitOfWork (http://localhost:3456/_next/static/chunks/15bj_next_dist_compiled_react-dom_1-_zk8s._.js:9557:28)
    at workLoopConcurrentByScheduler (http://localhost:3456/_next/static/chunks/15bj_next_dist_compiled_react-dom_1-_zk8s._.js:9551:58)
    at renderRootConcurrent (http://localhost:3456/_next/static/chunks/15bj_next_dist_compiled_react-dom_1-_zk8s._.js:9534:71)
    at performWorkOnRoot (http://localhost:3456/_next/static/chunks/15bj_next_dist_compiled_react-dom_1-_zk8s._.js:9061:150)
    at performWorkOnRootViaSchedulerTask (http://localhost:3456/_next/static/chunks/15bj_next_dist_compiled_react-dom_1-_zk8s._.js:10255:9)
    at MessagePort.performWorkUntilDeadline (http://localhost:3456/_next/static/chunks/15bj_next_dist_compiled_1t9iu_k._.js:2647:64)
[   32282ms] [LOG] [Fast Refresh] rebuilding @ http://localhost:3456/_next/static/chunks/15bj_next_dist_1pgdny1._.js:2477
[   32321ms] [LOG] [Fast Refresh] done in 69ms @ http://localhost:3456/_next/static/chunks/15bj_next_dist_1pgdny1._.js:2477
[   32584ms] [LOG] [Fast Refresh] rebuilding @ http://localhost:3456/_next/static/chunks/15bj_next_dist_1pgdny1._.js:2477
[   32615ms] [LOG] [Fast Refresh] done in 133ms @ http://localhost:3456/_next/static/chunks/15bj_next_dist_1pgdny1._.js:2477
[   35273ms] [LOG] [Fast Refresh] rebuilding @ http://localhost:3456/_next/static/chunks/15bj_next_dist_1pgdny1._.js:2477
[   35299ms] [LOG] [Fast Refresh] done in 60ms @ http://localhost:3456/_next/static/chunks/15bj_next_dist_1pgdny1._.js:2477
